Traceback (most recent call last):
  File "/opt/hostedtoolcache/Python/3.13.11/x64/lib/python3.13/site-packages/jupyter_cache/executors/utils.py", line 58, in single_nb_execution
    executenb(
    ~~~~~~~~~^
        nb,
        ^^^
    ...<4 lines>...
        **kwargs,
        ^^^^^^^^^
    )
    ^
  File "/opt/hostedtoolcache/Python/3.13.11/x64/lib/python3.13/site-packages/nbclient/client.py", line 1323, in execute
    return NotebookClient(nb=nb, resources=resources, km=km, **kwargs).execute()
           ~~~~~~~~~~~~~~~~~~~~~~~~~~~~~~~~~~~~~~~~~~~~~~~~~~~~~~~~~~~~~~~~~~~^^
  File "/opt/hostedtoolcache/Python/3.13.11/x64/lib/python3.13/site-packages/jupyter_core/utils/__init__.py", line 165, in wrapped
    return loop.run_until_complete(inner)
           ~~~~~~~~~~~~~~~~~~~~~~~^^^^^^^
  File "/opt/hostedtoolcache/Python/3.13.11/x64/lib/python3.13/asyncio/base_events.py", line 725, in run_until_complete
    return future.result()
           ~~~~~~~~~~~~~^^
  File "/opt/hostedtoolcache/Python/3.13.11/x64/lib/python3.13/site-packages/nbclient/client.py", line 709, in async_execute
    await self.async_execute_cell(
        cell, index, execution_count=self.code_cells_executed + 1
    )
  File "/opt/hostedtoolcache/Python/3.13.11/x64/lib/python3.13/site-packages/nbclient/client.py", line 1062, in async_execute_cell
    await self._check_raise_for_error(cell, cell_index, exec_reply)
  File "/opt/hostedtoolcache/Python/3.13.11/x64/lib/python3.13/site-packages/nbclient/client.py", line 918, in _check_raise_for_error
    raise CellExecutionError.from_cell_and_msg(cell, exec_reply_content)
nbclient.exceptions.CellExecutionError: An error occurred while executing the following cell:
------------------
for ir, rho in enumerate(rhos):
    for it, T in enumerate(Ts):
        state = es.pe_state(rho, T, comp, compute_derivs=False)
        eta[ir, it] = state.eta
        n_e[ir, it] = state.n_e
        n_pos[ir, it] = state.n_pos        
------------------


[31m---------------------------------------------------------------------------[39m
[31mAttributeError[39m                            Traceback (most recent call last)
[36mCell[39m[36m [39m[32mIn[7][39m[32m, line 4[39m
[32m      2[39m [38;5;28;01mfor[39;00m it, T [38;5;129;01min[39;00m [38;5;28menumerate[39m(Ts):
[32m      3[39m     state = es.pe_state(rho, T, comp, compute_derivs=[38;5;28;01mFalse[39;00m)
[32m----> [39m[32m4[39m     eta[ir, it] = [43mstate[49m[43m.[49m[43meta[49m
[32m      5[39m     n_e[ir, it] = state.n_e
[32m      6[39m     n_pos[ir, it] = state.n_pos        

[31mAttributeError[39m: 'tuple' object has no attribute 'eta'

