Traceback (most recent call last):
  File "/opt/hostedtoolcache/Python/3.13.7/x64/lib/python3.13/site-packages/jupyter_cache/executors/utils.py", line 58, in single_nb_execution
    executenb(
    ~~~~~~~~~^
        nb,
        ^^^
    ...<4 lines>...
        **kwargs,
        ^^^^^^^^^
    )
    ^
  File "/opt/hostedtoolcache/Python/3.13.7/x64/lib/python3.13/site-packages/nbclient/client.py", line 1319, in execute
    return NotebookClient(nb=nb, resources=resources, km=km, **kwargs).execute()
           ~~~~~~~~~~~~~~~~~~~~~~~~~~~~~~~~~~~~~~~~~~~~~~~~~~~~~~~~~~~~~~~~~~~^^
  File "/opt/hostedtoolcache/Python/3.13.7/x64/lib/python3.13/site-packages/jupyter_core/utils/__init__.py", line 165, in wrapped
    return loop.run_until_complete(inner)
           ~~~~~~~~~~~~~~~~~~~~~~~^^^^^^^
  File "/opt/hostedtoolcache/Python/3.13.7/x64/lib/python3.13/asyncio/base_events.py", line 725, in run_until_complete
    return future.result()
           ~~~~~~~~~~~~~^^
  File "/opt/hostedtoolcache/Python/3.13.7/x64/lib/python3.13/site-packages/nbclient/client.py", line 709, in async_execute
    await self.async_execute_cell(
        cell, index, execution_count=self.code_cells_executed + 1
    )
  File "/opt/hostedtoolcache/Python/3.13.7/x64/lib/python3.13/site-packages/nbclient/client.py", line 1062, in async_execute_cell
    await self._check_raise_for_error(cell, cell_index, exec_reply)
  File "/opt/hostedtoolcache/Python/3.13.7/x64/lib/python3.13/site-packages/nbclient/client.py", line 918, in _check_raise_for_error
    raise CellExecutionError.from_cell_and_msg(cell, exec_reply_content)
nbclient.exceptions.CellExecutionError: An error occurred while executing the following cell:
------------------
models = []

models.append(Model(0.3, profiles=["M0.3_default_profile8.data"],
                    history="M0.3_default_trimmed_history.data"))

models.append(Model(1, profiles=["M1_default_profile8.data",
                                 "M1_default_profile218.data"],
                    history="M1_default_trimmed_history.data"))

models.append(Model(8, profiles=["M8_basic_co_profile8.data",
                                 "M8_basic_co_profile39.data"],
                    history="M8_basic_co_trimmed_history.data"))

models.append(Model(15, profiles=["M15_aprox21_profile8.data",
                                  "M15_aprox21_profile19.data"],
                    history="M15_aprox21_trimmed_history.data"))
------------------


[31m---------------------------------------------------------------------------[39m
[31mFileNotFoundError[39m                         Traceback (most recent call last)
[36mCell[39m[36m [39m[32mIn[3][39m[32m, line 3[39m
[32m      1[39m models = []
[32m----> [39m[32m3[39m models.append([43mModel[49m[43m([49m[32;43m0.3[39;49m[43m,[49m[43m [49m[43mprofiles[49m[43m=[49m[43m[[49m[33;43m"[39;49m[33;43mM0.3_default_profile8.data[39;49m[33;43m"[39;49m[43m][49m[43m,[49m
[32m      4[39m [43m                    [49m[43mhistory[49m[43m=[49m[33;43m"[39;49m[33;43mM0.3_default_trimmed_history.data[39;49m[33;43m"[39;49m[43m)[49m)
[32m      6[39m models.append(Model([32m1[39m, profiles=[[33m"[39m[33mM1_default_profile8.data[39m[33m"[39m,
[32m      7[39m                                  [33m"[39m[33mM1_default_profile218.data[39m[33m"[39m],
[32m      8[39m                     history=[33m"[39m[33mM1_default_trimmed_history.data[39m[33m"[39m))
[32m     10[39m models.append(Model([32m8[39m, profiles=[[33m"[39m[33mM8_basic_co_profile8.data[39m[33m"[39m,
[32m     11[39m                                  [33m"[39m[33mM8_basic_co_profile39.data[39m[33m"[39m],
[32m     12[39m                     history=[33m"[39m[33mM8_basic_co_trimmed_history.data[39m[33m"[39m))

[36mCell[39m[36m [39m[32mIn[2][39m[32m, line 5[39m, in [36mModel.__init__[39m[34m(self, mass, profiles, history)[39m
[32m      3[39m [38;5;28mself[39m.mass = mass
[32m      4[39m [38;5;28;01mif[39;00m history:
[32m----> [39m[32m5[39m     [38;5;28mself[39m.history = [43mmr[49m[43m.[49m[43mMesaData[49m[43m([49m[43mhistory[49m[43m)[49m
[32m      6[39m [38;5;28mself[39m.profiles = []
[32m      7[39m [38;5;28;01mif[39;00m profiles:

[36mFile [39m[32m/opt/hostedtoolcache/Python/3.13.7/x64/lib/python3.13/site-packages/mesa_reader/__init__.py:134[39m, in [36mMesaData.__init__[39m[34m(self, file_name, file_type)[39m
[32m    132[39m [38;5;28mself[39m.header_data = [38;5;28;01mNone[39;00m
[32m    133[39m [38;5;28mself[39m.header_names = [38;5;28;01mNone[39;00m
[32m--> [39m[32m134[39m [38;5;28;43mself[39;49m[43m.[49m[43mread_data[49m[43m([49m[43m)[49m

[36mFile [39m[32m/opt/hostedtoolcache/Python/3.13.7/x64/lib/python3.13/site-packages/mesa_reader/__init__.py:183[39m, in [36mMesaData.read_data[39m[34m(self)[39m
[32m    181[39m     [38;5;28mself[39m.read_model_data()
[32m    182[39m [38;5;28;01melif[39;00m [38;5;28mself[39m.file_type == [33m"[39m[33mlog[39m[33m"[39m:
[32m--> [39m[32m183[39m     [38;5;28;43mself[39;49m[43m.[49m[43mread_log_data[49m[43m([49m[43m)[49m
[32m    184[39m [38;5;28;01melse[39;00m:
[32m    185[39m     [38;5;28;01mraise[39;00m UnknownFileTypeError([33m"[39m[33mUnknown file type [39m[38;5;132;01m{}[39;00m[33m"[39m.format([38;5;28mself[39m.file_type))

[36mFile [39m[32m/opt/hostedtoolcache/Python/3.13.7/x64/lib/python3.13/site-packages/mesa_reader/__init__.py:199[39m, in [36mMesaData.read_log_data[39m[34m(self)[39m
[32m    187[39m [38;5;28;01mdef[39;00m[38;5;250m [39m[34mread_log_data[39m([38;5;28mself[39m):
[32m    188[39m [38;5;250m    [39m[33;03m"""Reads in or update data from the original log (.data or .log) file.[39;00m
[32m    189[39m 
[32m    190[39m [33;03m    This re-reads the data from the originally-provided file name. Mostly[39;00m
[32m   (...)[39m[32m    197[39m [33;03m    None[39;00m
[32m    198[39m [33;03m    """[39;00m
[32m--> [39m[32m199[39m     [38;5;28mself[39m.bulk_data = [43mnp[49m[43m.[49m[43mgenfromtxt[49m[43m([49m
[32m    200[39m [43m        [49m[38;5;28;43mself[39;49m[43m.[49m[43mfile_name[49m[43m,[49m
[32m    201[39m [43m        [49m[43mskip_header[49m[43m=[49m[43mMesaData[49m[43m.[49m[43mbulk_names_line[49m[43m [49m[43m-[49m[43m [49m[32;43m1[39;49m[43m,[49m
[32m    202[39m [43m        [49m[43mnames[49m[43m=[49m[38;5;28;43;01mTrue[39;49;00m[43m,[49m
[32m    203[39m [43m        [49m[43mndmin[49m[43m=[49m[32;43m1[39;49m[43m,[49m[43m  [49m[38;5;66;43;03m# Make sure a single entry is still a 1D array[39;49;00m
[32m    204[39m [43m        [49m[43mdtype[49m[43m=[49m[38;5;28;43;01mNone[39;49;00m[43m,[49m
[32m    205[39m [43m    [49m[43m)[49m
[32m    206[39m     [38;5;28mself[39m.bulk_names = [38;5;28mself[39m.bulk_data.dtype.names
[32m    207[39m     header_data = []

[36mFile [39m[32m/opt/hostedtoolcache/Python/3.13.7/x64/lib/python3.13/site-packages/numpy/lib/_npyio_impl.py:1991[39m, in [36mgenfromtxt[39m[34m(fname, dtype, comments, delimiter, skip_header, skip_footer, converters, missing_values, filling_values, usecols, names, excludelist, deletechars, replace_space, autostrip, case_sensitive, defaultfmt, unpack, usemask, loose, invalid_raise, max_rows, encoding, ndmin, like)[39m
[32m   1989[39m     fname = os.fspath(fname)
[32m   1990[39m [38;5;28;01mif[39;00m [38;5;28misinstance[39m(fname, [38;5;28mstr[39m):
[32m-> [39m[32m1991[39m     fid = [43mnp[49m[43m.[49m[43mlib[49m[43m.[49m[43m_datasource[49m[43m.[49m[43mopen[49m[43m([49m[43mfname[49m[43m,[49m[43m [49m[33;43m'[39;49m[33;43mrt[39;49m[33;43m'[39;49m[43m,[49m[43m [49m[43mencoding[49m[43m=[49m[43mencoding[49m[43m)[49m
[32m   1992[39m     fid_ctx = contextlib.closing(fid)
[32m   1993[39m [38;5;28;01melse[39;00m:

[36mFile [39m[32m/opt/hostedtoolcache/Python/3.13.7/x64/lib/python3.13/site-packages/numpy/lib/_datasource.py:192[39m, in [36mopen[39m[34m(path, mode, destpath, encoding, newline)[39m
[32m    155[39m [38;5;250m[39m[33;03m"""[39;00m
[32m    156[39m [33;03mOpen `path` with `mode` and return the file object.[39;00m
[32m    157[39m 
[32m   (...)[39m[32m    188[39m 
[32m    189[39m [33;03m"""[39;00m
[32m    191[39m ds = DataSource(destpath)
[32m--> [39m[32m192[39m [38;5;28;01mreturn[39;00m [43mds[49m[43m.[49m[43mopen[49m[43m([49m[43mpath[49m[43m,[49m[43m [49m[43mmode[49m[43m,[49m[43m [49m[43mencoding[49m[43m=[49m[43mencoding[49m[43m,[49m[43m [49m[43mnewline[49m[43m=[49m[43mnewline[49m[43m)[49m

[36mFile [39m[32m/opt/hostedtoolcache/Python/3.13.7/x64/lib/python3.13/site-packages/numpy/lib/_datasource.py:529[39m, in [36mDataSource.open[39m[34m(self, path, mode, encoding, newline)[39m
[32m    526[39m     [38;5;28;01mreturn[39;00m _file_openers[ext](found, mode=mode,
[32m    527[39m                               encoding=encoding, newline=newline)
[32m    528[39m [38;5;28;01melse[39;00m:
[32m--> [39m[32m529[39m     [38;5;28;01mraise[39;00m [38;5;167;01mFileNotFoundError[39;00m([33mf[39m[33m"[39m[38;5;132;01m{[39;00mpath[38;5;132;01m}[39;00m[33m not found.[39m[33m"[39m)

[31mFileNotFoundError[39m: M0.3_default_trimmed_history.data not found.

